.venv\Scripts\python.exe : 🚀 Binance 
Executor: Running in LIVE (Live Mode 
ACTIVE)
At line:1 char:1
+ .venv\Scripts\python.exe 
verify_phase_13.py > test_log.txt 2>&1
+ ~~~~~~~~~~~~~~~~~~~~~~~~~~~~~~~~~~~~~~~~
~~~~~~~~~~~~~~~~~~~~~~~
    + CategoryInfo          : NotSpecifie 
   d: (🚀 Binance Exec...ve Mode ACTIVE)  
  :String) [], RemoteException
    + FullyQualifiedErrorId : NativeComma 
   ndError
 
Binance Executor: FUTURES MODE ENABLED
00:16:04 [INFO] 🚀 Binance Executor: 
Running in LIVE (Live Mode ACTIVE)
  → Using server-side leverage (configure 
in Binance Demo UI)
  ✅ Exchange credentials verified
Binance Executor: Initializing Futures 
Account Settings...
00:16:04 [INFO] Binance Executor: FUTURES 
MODE ENABLED
00:16:04 [INFO]   → Using server-side 
leverage (configure in Binance Demo UI)
00:16:04 [INFO]   ✅ Exchange credentials 
verified
00:16:04 [INFO] Binance Executor: 
Initializing Futures Account Settings...
  ✅ Position Mode already ONE-WAY
00:16:04 [INFO]   ✅ Position Mode already 
ONE-WAY
  ⏳ Setting Margin Type to ISOLATED for 
26 pairs...
  Could not set Margin Type for ADA/USDT: 
binance markets not loaded
  Could not set Margin Type for ARB/USDT: 
binance markets not loaded
  Could not set Margin Type for 
ATOM/USDT: binance markets not loaded
  Could not set Margin Type for 
AVAX/USDT: binance markets not loaded
  Could not set Margin Type for BNB/USDT: 
binance markets not loaded
  Could not set Margin Type for BTC/USDT: 
binance markets not loaded
  Could not set Margin Type for 
DOGE/USDT: binance markets not loaded
  Could not set Margin Type for DOT/USDT: 
binance markets not loaded
  Could not set Margin Type for ETC/USDT: 
binance markets not loaded
  Could not set Margin Type for ETH/USDT: 
binance markets not loaded
  Could not set Margin Type for FIL/USDT: 
binance markets not loaded
  Could not set Margin Type for INJ/USDT: 
binance markets not loaded
  Could not set Margin Type for 
LINK/USDT: binance markets not loaded
  Could not set Margin Type for LTC/USDT: 
binance markets not loaded
  Could not set Margin Type for 
MATIC/USDT: binance markets not loaded
  Could not set Margin Type for 
NEAR/USDT: binance markets not loaded
  Could not set Margin Type for OP/USDT: 
binance markets not loaded
  Could not set Margin Type for 
PAXG/USDT: binance markets not loaded
  Could not set Margin Type for POL/USDT: 
binance markets not loaded
  Could not set Margin Type for 
RENDER/USDT: binance markets not loaded
  Could not set Margin Type for SOL/USDT: 
binance markets not loaded
  Could not set Margin Type for SUI/USDT: 
binance markets not loaded
  Could not set Margin Type for TIA/USDT: 
binance markets not loaded
  Could not set Margin Type for UNI/USDT: 
binance markets not loaded
  Could not set Margin Type for WIF/USDT: 
binance markets not loaded
  Could not set Margin Type for XRP/USDT: 
binance markets not loaded
  ✅ Margin Types Configured
Executing: OrderSide.BUY 0.001 BTC/USDT
🛡️ [GUARDIAN] Liquidity Verified: Avg 
Fill Price $50000.00 (Slippage: 0.0100%)
DEBUG: 
event.timestamp_ns=1770354964969323600
DEBUG: event.sl_pct=None
  ⚠️ Markets not loaded. Loading now...
00:16:04 [INFO]   ⏳ Setting Margin Type 
to ISOLATED for 26 pairs...
00:16:04 [INFO]   ✅ Margin Types 
Configured
00:16:04 [INFO] Executing: OrderSide.BUY 
0.001 BTC/USDT
00:16:04 [INFO] 🛡️ [GUARDIAN] Liquidity 
Verified: Avg Fill Price $50000.00 
(Slippage: 0.0100%)
00:16:04 [INFO] DEBUG: 
event.timestamp_ns=1770354964969323600
00:16:04 [INFO] DEBUG: event.sl_pct=None
00:16:04 [INFO]   ⚠️ Markets not loaded. 
Loading now...
  🛑 Maker Order (GTX): Limit @ 50000
00:16:10 [INFO]   🛑 Maker Order (GTX): 
Limit @ 50000
  🚀 Sending Raw Futures Order: BUY 0.001 
BTC/USDT
00:16:10 [INFO]   🚀 Sending Raw Futures 
Order: BUY 0.001 BTC/USDT
⚡ [EXEC] Order sent to Binance in 40.72ms
00:16:10 [INFO] ⚡ [EXEC] Order sent to 
Binance in 40.72ms
✅ Order Filled: 123456 - BUY 0.001 @ 
50000.0
00:16:10 [INFO] ✅ Order Filled: 123456 - 
BUY 0.001 @ 50000.0
  🛑 Stop-Loss placed at 49850 (Order ID: 
123456)
00:16:10 [INFO]   🛑 Stop-Loss placed at 
49850 (Order ID: 123456)
  💰 Take-Profit placed at 50400 (Order 
ID: 123456)
📊 --- LATENCY REPORT (Last 100 events) 
---
  order_to_send       : Avg   40.72ms | 
Max   40.72ms
------------------------------------------
00:16:10 [INFO]   💰 Take-Profit placed 
at 50400 (Order ID: 123456)
00:16:10 [INFO] 📊 --- LATENCY REPORT 
(Last 100 events) ---
00:16:10 [INFO]   order_to_send       : 
Avg   40.72ms | Max   40.72ms
🧪 [TEST] Verificando Fase 13: High-Frequency Execution Optimization...
🕒 Generando señal y midiendo latencia...
  -> Paso 1: Generando OrderEvent desde Signal...
  -> Paso 2: Ejecutando orden con Smart Pricing...
📊 Verificando métricas en el LatencyMonitor...
✅ Latency Check: 'order_to_send' capturado.
✅ Smart Pricing Check: El log debería mostrar el precio de $50,000 calculado por el Guardián.
00:16:10 [INFO] 
------------------------------------------
